[demos.freehtml5.co/multipurpose/index.html]
[backblue.gif]
[fade.gif]
[index.html]
[demos.freehtml5.co/multipurpose/assets/css/loader/loaders.css]
[demos.freehtml5.co/multipurpose/assets/css/font-awesome/font-awesome.css]
[demos.freehtml5.co/multipurpose/assets/css/bootstrap.css]
[demos.freehtml5.co/multipurpose/assets/css/aos/aos.css]
[demos.freehtml5.co/multipurpose/assets/css/swiper/swiper.css]
[demos.freehtml5.co/multipurpose/assets/css/lightgallery.min.css]
[demos.freehtml5.co/multipurpose/assets/css/style.css]
[demos.freehtml5.co/multipurpose/assets/css/responsive.css]
[demos.freehtml5.co/multipurpose/index-2.html]
[demos.freehtml5.co/multipurpose/assets/images/logo.png]
[demos.freehtml5.co/multipurpose/assets/images/service1.png]
[demos.freehtml5.co/multipurpose/assets/images/service2.png]
[demos.freehtml5.co/multipurpose/assets/images/service3.png]
[demos.freehtml5.co/multipurpose/assets/images/service4.png]
[demos.freehtml5.co/multipurpose/assets/images/service5.png]
[demos.freehtml5.co/multipurpose/assets/images/featured-img1.jpg]
[demos.freehtml5.co/multipurpose/assets/images/featured-img2.jpg]
[demos.freehtml5.co/multipurpose/assets/images/post1.jpg]
[demos.freehtml5.co/multipurpose/assets/images/post2.jpg]
[demos.freehtml5.co/multipurpose/assets/images/post3.jpg]
[demos.freehtml5.co/multipurpose/assets/images/post4.jpg]
[demos.freehtml5.co/multipurpose/assets/images/gallery1.jpg]
[demos.freehtml5.co/multipurpose/assets/images/gallery2.jpg]
[demos.freehtml5.co/multipurpose/assets/images/gallery3.jpg]
[demos.freehtml5.co/multipurpose/assets/images/test1.png]
[demos.freehtml5.co/multipurpose/assets/images/client1.png]
[demos.freehtml5.co/multipurpose/assets/images/client2.png]
[demos.freehtml5.co/multipurpose/assets/images/client3.png]
[demos.freehtml5.co/multipurpose/assets/images/client4.png]
[demos.freehtml5.co/multipurpose/assets/images/client5.png]
[demos.freehtml5.co/multipurpose/assets/images/rcnt-post1.png]
[demos.freehtml5.co/multipurpose/assets/images/rcnt-post2.png]
[demos.freehtml5.co/multipurpose/assets/images/rcnt-post3.png]
[demos.freehtml5.co/multipurpose/assets/images/rcnt-post4.png]
[demos.freehtml5.co/cdn-cgi/scripts/5c5dd728/cloudflare-static/email-decode.min.js]
[demos.freehtml5.co/multipurpose/assets/js/jquery-3.3.1.js]
[demos.freehtml5.co/multipurpose/assets/js/bootstrap.bundle.js]
[demos.freehtml5.co/multipurpose/assets/js/loaders.css.js]
[demos.freehtml5.co/multipurpose/assets/js/aos.js]
[demos.freehtml5.co/multipurpose/assets/js/swiper.min.js]
[demos.freehtml5.co/multipurpose/assets/js/lightgallery-all.min.js]
[demos.freehtml5.co/multipurpose/assets/js/main.js]
[demos.freehtml5.co/multipurpose/js/app.min.js]
[demos.freehtml5.co/multipurpose/index.html]
[demos.freehtml5.co/multipurpose/assets/css/loader/loaders.css]
[demos.freehtml5.co/demos/demoscript.js]
[demos.freehtml5.co/multipurpose/assets/fonts/fontawesome-webfont3e6e.eot]
[demos.freehtml5.co/multipurpose/assets/fonts/fontawesome-webfontd41d.eot]
[demos.freehtml5.co/multipurpose/assets/fonts/fontawesome-webfont3e6e.woff2]
[demos.freehtml5.co/multipurpose/assets/fonts/fontawesome-webfont3e6e.woff]
[demos.freehtml5.co/multipurpose/assets/fonts/fontawesome-webfont3e6e.ttf]
[demos.freehtml5.co/multipurpose/assets/css/font-awesome/font-awesome.css]
[demos.freehtml5.co/multipurpose/assets/css/bootstrap.css]
[demos.freehtml5.co/multipurpose/assets/css/aos/aos.css]
[demos.freehtml5.co/multipurpose/assets/css/swiper/swiper.css]
[demos.freehtml5.co/multipurpose/assets/fonts/fontawesome-webfont3e6e.svg]
[demos.freehtml5.co/multipurpose/assets/fonts/lgd641.eot]
[demos.freehtml5.co/multipurpose/assets/fonts/lgd41d.eot]
[demos.freehtml5.co/multipurpose/assets/fonts/lgd641.woff]
[demos.freehtml5.co/multipurpose/assets/fonts/lgd641.ttf]
[demos.freehtml5.co/multipurpose/assets/fonts/lgd641.svg]
[demos.freehtml5.co/multipurpose/assets/img/vimeo-play.png]
[demos.freehtml5.co/multipurpose/assets/img/video-play.png]
[demos.freehtml5.co/multipurpose/assets/img/youtube-play.png]
[demos.freehtml5.co/multipurpose/assets/img/loading.gif]
[demos.freehtml5.co/multipurpose/assets/css/lightgallery.min.css]
[demos.freehtml5.co/multipurpose/assets/images/hero-bg.jpg]
[demos.freehtml5.co/multipurpose/assets/images/hero-texture.png]
[demos.freehtml5.co/multipurpose/assets/images/test-clients-bg.png]
[demos.freehtml5.co/multipurpose/assets/images/footer-bg.png]
[demos.freehtml5.co/multipurpose/assets/css/style.css]
[demos.freehtml5.co/multipurpose/assets/css/responsive.css]
[demos.freehtml5.co/multipurpose/index-2.html]
[demos.freehtml5.co/multipurpose/js/app.min.html]
[demos.freehtml5.co/multipurpose/assets/fonts/fontawesome-webfont3e6e.svg]
[demos.freehtml5.co/multipurpose/assets/fonts/lgd641.svg]
[demos.freehtml5.co/multipurpose/assets/img/vimeo-play.html]
[demos.freehtml5.co/multipurpose/assets/img/video-play.html]
[demos.freehtml5.co/multipurpose/assets/img/youtube-play.html]
[demos.freehtml5.co/multipurpose/assets/img/loading.html]
